============================= test session starts =============================
platform win32 -- Python 3.14.3, pytest-9.0.3, pluggy-1.6.0
rootdir: D:\projects_github\Testcase_project\AccuKnox-user-management-tests
configfile: pytest.ini
plugins: base-url-2.1.0, playwright-0.8.0
collected 1 item

